components/features/assessment/ResultsStep.tsx(18,10): error TS17008: JSX element 'div' has no corresponding closing tag.
components/features/assessment/ResultsStep.tsx(144,1): error TS1381: Unexpected token. Did you mean `{'}'}` or `&rbrace;`?
components/features/assessment/ResultsStep.tsx(146,91): error TS1382: Unexpected token. Did you mean `{'>'}` or `&gt;`?
components/features/assessment/ResultsStep.tsx(182,1): error TS1005: '</' expected.
